
> frontend@0.1.0 build
> next build

Γû▓ Next.js 16.1.6 (Turbopack)

  Creating an optimized production build ...
Γ£ô Compiled successfully in 8.1s
  Running TypeScript ...
node.exe : Failed to compile.
At line:1 char:1
+ & "C:\Program 
Files\nodejs/node.exe" 
"C:\Users\Kush 
Bharti\AppData\Ro ...
+ ~~~~~~~~~~~~~~~~~~~~~~~~~~~~~~
~~~~~~~~~~~~~~~~~~~~~~~~~~~~~~~~
~~~~~~~
    + CategoryInfo          : N 
   otSpecified: (Failed to com  
  pile.:String) [], RemoteExc   
 eption
    + FullyQualifiedErrorId : N 
   ativeCommandError
 

./app/recipient/add-request/page
.tsx:94:12
Type error: This comparison 
appears to be unintentional 
because the types 'UserRole | 
"ngo"' and '"hospital"' have no 
overlap.

[0m [90m 92 |[39m         
[33m<[39m[33mh1[39m classNam
e[33m=[39m[32m"text-3xl 
font-bold tracking-tight"[39m[
33m>[39m{roleLabels[role] 
[33m||[39m 
[32m'Recipient'[39m} 
[33mFood[39m [33mRequest[39m
[33m<[39m[33m/[39m[33mh1[3
9m[33m>[39m
 [90m 93 |[39m         
[33m<[39m[33mp[39m className
[33m=[39m[32m"text-muted-fore
ground"[39m[33m>[39m
[31m[1m>[22m[39m[90m 94 
|[39m           {role 
[33m===[39m 
[32m'hospital'[39m 
 [90m    |[39m            
[31m[1m^[22m[39m
 [90m 95 |[39m             
[33m?[39m [32m'Coordinate 
patient and staff meal 
requirements. Please specify 
dietary constraints if 
any.'[39m
 [90m 96 |[39m             
[33m:[39m [32m'Let donors 
know what your organization 
needs. Please be specific about 
food types and 
quantities.'[39m}
 [90m 97 |[39m         [33m<
[39m[33m/[39m[33mp[39m[33m>
[39m[0m
Next.js build worker exited 
with code: 1 and signal: null
